from ./python-test_driven_development/0-add_integer.py import add_integer

>>> add_integer(1, 2)
3
>>> add_integer(100, -2)
98
>>> add_integer(2)
100
>>> add_integer(100.3, -2)
98
>>> add_integer(5.7, 2.2)
7
>>> add_integer(-10, -5)
-15
>>> add_integer(4, "School")
Traceback (most recent call last):
    ...
TypeError: b must be an integer
>>> add_integer("School", 4)
Traceback (most recent call last):
    ...
TypeError: a must be an integer
>>> add_integer(None)
Traceback (most recent call last):
    ...
TypeError: a must be an integer
