# Test: Basic matrix division
>>> matrix = [[1, 2, 3], [4, 5, 6]]
>>> matrix_divided(matrix, 3)
[[0.33, 0.67, 1.0], [1.33, 1.67, 2.0]]

# Test: Ensure the original matrix is not modified
>>> matrix
[[1, 2, 3], [4, 5, 6]]

# Test: Division by a float
>>> matrix = [[10, 20], [30, 40]]
>>> matrix_divided(matrix, 2.5)
[[4.0, 8.0], [12.0, 16.0]]

# Test: Matrix with negative numbers
>>> matrix = [[-2, -4], [-6, -8]]
>>> matrix_divided(matrix, -2)
[[1.0, 2.0], [3.0, 4.0]]

# Test: Mixed positive and negative numbers
>>> matrix = [[1, -2, 3], [-4, 5, -6]]
>>> matrix_divided(matrix, 2)
[[0.5, -1.0, 1.5], [-2.0, 2.5, -3.0]]

# Test: Handling division by zero
>>> matrix = [[1, 2], [3, 4]]
>>> matrix_divided(matrix, 0)
Traceback (most recent call last):
    ...
ZeroDivisionError: division by zero

# Test: Invalid matrix (not a list of lists)
>>> matrix = "not a matrix"
>>> matrix_divided(matrix, 2)
Traceback (most recent call last):
    ...
TypeError: matrix must be a matrix (list of lists) of integers/floats

# Test: Row sizes are not the same
>>> matrix = [[1, 2, 3], [4, 5]]
>>> matrix_divided(matrix, 2)
Traceback (most recent call last):
    ...
TypeError: Each row of the matrix must have the same size

# Test: Matrix with invalid data types (strings)
>>> matrix = [[1, 2], [3, "four"]]
>>> matrix_divided(matrix, 2)
Traceback (most recent call last):
    ...
TypeError: matrix must be a matrix (list of lists) of integers/floats

# Test: div is not a number
>>> matrix = [[1, 2], [3, 4]]
>>> matrix_divided(matrix, "2")
Traceback (most recent call last):
    ...
TypeError: div must be a number

#python3 -m doctest -v ./tests/2-matrix_divided.txt
